[backblue.gif]
[fade.gif]
[index.html]
[unggim-psn.org/index-2.html]
[unggim-psn.org/images/logo-new-2.png]
[unggim-psn.org/js/footer.js]
[unggim-psn.org/js/jquery.min.js]
[unggim-psn.org/js/jquery.slicknav.js]
[unggim-psn.org/index.html]
[unggim-psn.org/images/social-media-icons.png]
[unggim-psn.org/images/date.png]
[unggim-psn.org/images/board-meeting.jpg]
[unggim-psn.org/images/side-event.jpg]
[unggim-psn.org/images/program.jpg]
[unggim-psn.org/images/views.jpg]
[unggim-psn.org/css/style.css]
[unggim-psn.org/css/owl.carousel.html]
[unggim-psn.org/images/menu_icon.png]
[unggim-psn.org/css/responsive.css]
[unggim-psn.org/css/font-awesome.html]
[unggim-psn.org/css/ionicons.min.html]
[www.googletagmanager.com/gtm5445.html]
[unggim-psn.org/index-2.html]
[unggim-psn.org/js/header.js]
[unggim-psn.org/preamble.html]
[unggim-psn.org/about.html]
[unggim-psn.org/images/linkedin.png]
[unggim-psn.org/images/speakers/Zaffar.jpg]
[unggim-psn.org/images/speakers/valrie-grant.jpg]
[unggim-psn.org/images/speakers/Peter-ter-Haar.png]
[unggim-psn.org/images/speakers/Shivangi-Somvanshi.png]
[unggim-psn.org/images/speakers/Nadine-Alameh.png]
[unggim-psn.org/images/speakers/Devleena.png]
[unggim-psn.org/images/speakers/anamika.png]
[unggim-psn.org/images/speakers/willy.jpg]
[unggim-psn.org/images/speakers/kumar.png]
[unggim-psn.org/images/speakers/Saad-alhamlan.png]
[unggim-psn.org/images/speakers/kamal-BEN-ADDOU-IDRISSI.png]
[unggim-psn.org/images/speakers/Peter-Baumann.png]
[unggim-psn.org/images/speakers/Felix-Orina.png]
[unggim-psn.org/images/speakers/sanjay-kumar-new.jpg]
[unggim-psn.org/images/speakers/Steven-Hagan-new.jpg]
[unggim-psn.org/js/jquery.popup.js]
[unggim-psn.org/js/jquery.popup.dialog.min.js]
[unggim-psn.org/members.html]
[unggim-psn.org/images/ogc.jpg]
[unggim-psn.org/images/esri.jpg]
[unggim-psn.org/images/Geospatial-World-Logo.jpg]
[code.jquery.com/jquery-2.1.4.min.js]
[unggim-psn.org/images/crcsi.jpg]
[unggim-psn.org/images/aam.jpg]
[unggim-psn.org/images/agi.jpg]
[unggim-psn.org/images/maxar.jpg]
[unggim-psn.org/images/EARSC.jpg]
[unggim-psn.org/images/USGIF.jpg]
[unggim-psn.org/images/hexagon.jpg]
[unggim-psn.org/images/Harris.jpg]
[unggim-psn.org/images/Oracle.jpg]
[unggim-psn.org/images/terra.png]
[unggim-psn.org/images/Metaspatial.jpg]
[unggim-psn.org/images/google.jpg]
[unggim-psn.org/images/geodan.jpg]
[unggim-psn.org/images/sdh-logo.jpg]
[unggim-psn.org/images/trimble.jpg]
[unggim-psn.org/images/Deloitte.jpg]
[unggim-psn.org/images/bentley.jpg]
[unggim-psn.org/images/geo-tech.jpg]
[unggim-psn.org/images/psn-members/Afrosurface.jpg]
[unggim-psn.org/images/psn-members/American-Society.jpg]
[unggim-psn.org/images/psn-members/Apex.jpg]
[unggim-psn.org/images/psn-members/ATISoft.jpg]
[unggim-psn.org/images/psn-members/Atlaspoint.jpg]
[unggim-psn.org/images/psn-members/akura.png]
[unggim-psn.org/images/psn-members/Bailey.jpg]
[unggim-psn.org/images/psn-members/Boreas.jpg]
[unggim-psn.org/images/psn-members/BuildingBits.jpg]
[unggim-psn.org/images/psn-members/Business.jpg]
[unggim-psn.org/images/psn-members/bandhu.jpg]
[unggim-psn.org/images/psn-members/carto.jpg]
[unggim-psn.org/images/psn-members/Centre.jpg]
[unggim-psn.org/images/psn-members/Condesys.jpg]
[unggim-psn.org/images/psn-members/ConsultingWhere.jpg]
[unggim-psn.org/images/psn-members/CoreTEC.jpg]
[unggim-psn.org/images/psn-members/Corporate.jpg]
[unggim-psn.org/images/psn-members/Critchlow.jpg]
[unggim-psn.org/images/psn-members/Cyient.jpg]
[unggim-psn.org/images/psn-members/cartologic.jpg]
[unggim-psn.org/images/psn-members/cizoti.jpg]
[unggim-psn.org/images/psn-members/Deneb.jpg]
[unggim-psn.org/images/psn-members/Digital.jpg]
[unggim-psn.org/images/psn-members/drnik.jpg]
[unggim-psn.org/images/psn-members/data4Moz-logo-1.jpg]
[unggim-psn.org/images/psn-members/Earth-i-Ltd.jpg]
[unggim-psn.org/images/psn-members/East-View-Geospatial.jpg]
[unggim-psn.org/images/psn-members/ECHO-Broadband.jpg]
[unggim-psn.org/images/psn-members/Effigis.jpg]
[unggim-psn.org/images/psn-members/esriaustralia.jpg]
[unggim-psn.org/images/psn-members/esri-portugal.jpg]
[unggim-psn.org/images/psn-members/Estrategas.jpg]
[unggim-psn.org/images/psn-members/ETAFAT.jpg]
[unggim-psn.org/images/psn-members/eurogeography.jpg]
[unggim-psn.org/images/psn-members/excelgeomatics.jpg]
[unggim-psn.org/images/psn-members/eaasi_logo.jpg]
[unggim-psn.org/images/psn-members/Fraunhofer-Institute.jpg]
[unggim-psn.org/images/psn-members/Geo-Surveys.jpg]
[unggim-psn.org/images/psn-members/Geoconsultant-Berlin.jpg]
[unggim-psn.org/images/psn-members/Geodan.jpg]
[unggim-psn.org/images/psn-members/geodesignhub.jpg]
[unggim-psn.org/images/psn-members/Geodireito.jpg]
[unggim-psn.org/images/psn-members/geomatica.jpg]
[unggim-psn.org/images/psn-members/geosoluciones.jpg]
[unggim-psn.org/images/psn-members/geosphereservices.jpg]
[unggim-psn.org/images/psn-members/GeoSyndicate.jpg]
[unggim-psn.org/images/psn-members/geospatialframeworks.jpg]
[unggim-psn.org/images/psn-members/geospatiallibya.jpg]
[unggim-psn.org/images/psn-members/geoterraimage.jpg]
[unggim-psn.org/images/psn-members/geothings.jpg]
[unggim-psn.org/images/psn-members/gistransport.jpg]
[unggim-psn.org/images/psn-members/gispo.jpg]
[unggim-psn.org/images/psn-members/globalgeo.jpg]
[unggim-psn.org/images/psn-members/GLOBEGEOSOLUTIONS.jpg]
[unggim-psn.org/images/psn-members/GTOPIC-sarl.jpg]
[unggim-psn.org/images/psn-members/gttnetcorp.jpg]
[unggim-psn.org/images/psn-members/gvsig.jpg]
[unggim-psn.org/images/psn-members/Geomark.jpg]
[unggim-psn.org/images/psn-members/GCA_logo.jpg]
[unggim-psn.org/images/psn-members/Original.jpg]
[unggim-psn.org/images/psn-members/hcpinternational.jpg]
[unggim-psn.org/images/psn-members/hkgisa.jpg]
[unggim-psn.org/images/psn-members/Idearium.jpg]
[unggim-psn.org/images/psn-members/Iglobal.jpg]
[unggim-psn.org/images/psn-members/IndustryARC.jpg]
[unggim-psn.org/images/psn-members/INFLOR.jpg]
[unggim-psn.org/images/psn-members/Information-Systems-Services.jpg]
[unggim-psn.org/images/psn-members/International-Association.jpg]
[unggim-psn.org/images/psn-members/iptsat.jpg]
[unggim-psn.org/images/psn-members/IST.jpg]
[unggim-psn.org/images/psn-members/Joeamah.jpg]
[unggim-psn.org/images/psn-members/Karamara.jpg]
[unggim-psn.org/images/psn-members/kCube.jpg]
[unggim-psn.org/images/psn-members/know-edge.jpg]
[unggim-psn.org/images/psn-members/KAN-isologo.png]
[unggim-psn.org/images/psn-members/landequity.jpg]
[unggim-psn.org/images/psn-members/LATGEO.jpg]
[unggim-psn.org/images/psn-members/limgeomatics.jpg]
[unggim-psn.org/images/psn-members/LinKay.jpg]
[unggim-psn.org/images/psn-members/LocateIT.jpg]
[unggim-psn.org/images/psn-members/Losamills.jpg]
[unggim-psn.org/images/psn-members/Mangoesmapping.jpg]
[unggim-psn.org/images/psn-members/Mannai.jpg]
[unggim-psn.org/images/psn-members/Mapbox.jpg]
[unggim-psn.org/images/psn-members/mercuryps.jpg]
[unggim-psn.org/images/psn-members/neerinteractives.jpg]
[unggim-psn.org/images/psn-members/Nepal-GIS.jpg]
[unggim-psn.org/images/psn-members/Neuropublic.jpg]
[unggim-psn.org/images/psn-members/newlighttechnologies.jpg]
[unggim-psn.org/images/psn-members/numer8.jpg]
[unggim-psn.org/images/psn-members/OceanWise.jpg]
[unggim-psn.org/images/psn-members/OMNILINK.jpg]
[unggim-psn.org/images/psn-members/ong-it.jpg]
[unggim-psn.org/images/psn-members/orbital.jpg]
[unggim-psn.org/images/psn-members/ORKASH.jpg]
[unggim-psn.org/images/psn-members/panafricagis.jpg]
[unggim-psn.org/images/psn-members/PASCO.jpg]
[unggim-psn.org/images/psn-members/pGNOSIS.jpg]
[unggim-psn.org/images/psn-members/Planetek.jpg]
[unggim-psn.org/images/psn-members/polarisdigitech.jpg]
[unggim-psn.org/images/psn-members/positioninginsights.jpg]
[unggim-psn.org/images/psn-members/ptm3i.jpg]
[unggim-psn.org/images/psn-members/Racurs.jpg]
[unggim-psn.org/images/psn-members/rasdaman.jpg]
[unggim-psn.org/images/psn-members/Reigl.jpg]
[unggim-psn.org/images/psn-members/sambusgeospatial.jpg]
[unggim-psn.org/images/psn-members/satpalda.jpg]
[unggim-psn.org/images/psn-members/smartnavigation.jpg]
[unggim-psn.org/images/psn-members/spageo.jpg]
[unggim-psn.org/images/psn-members/spatialearth.jpg]
[unggim-psn.org/images/psn-members/spatialvision.jpg]
[unggim-psn.org/images/psn-members/sparxsystems.jpg]
[unggim-psn.org/images/psn-members/spatialvision2.jpg]
[unggim-psn.org/images/psn-members/Spatineo.jpg]
[unggim-psn.org/images/psn-members/symroc.jpg]
[unggim-psn.org/images/psn-members/Logo-ST2i.jpg]
[unggim-psn.org/images/psn-members/satellogic.jpg]
[unggim-psn.org/images/psn-members/sofis.jpg]
[unggim-psn.org/images/psn-members/TECTERRA.jpg]
[unggim-psn.org/images/psn-members/Ter-Haar.jpg]
[unggim-psn.org/images/psn-members/Terradue.jpg]
[unggim-psn.org/images/psn-members/Thales.jpg]
[unggim-psn.org/images/psn-members/Tresreis.jpg]
[unggim-psn.org/images/psn-members/Tresdata-Logo.jpg]
[unggim-psn.org/images/psn-members/VisioTerra.jpg]
[unggim-psn.org/images/psn-members/VizMAP.jpg]
[unggim-psn.org/images/psn-members/Woolpert.jpg]
[unggim-psn.org/images/psn-members/WGIC.jpg]
[unggim-psn.org/images/psn-members/YCSPL-Logo_V2.jpg]
[unggim-psn.org/psn-members.html]
[unggim-psn.org/pdf/mom/Board-meeting-MoM-25-Nov-2022 copy.pdf]
[unggim-psn.org/pdf/mom/Board-Meeting-MoM-04-Aug-2022.pdf]
[unggim-psn.org/pdf/mom/MoM_UNGGIM-PSN-Board-Meeting-Nov-2021.pdf]
[unggim-psn.org/pdf/mom/UNGGIM-PSN_Minutes-of-Meeting_20thMay2021.pdf]
[unggim-psn.org/pdf/mom/Board-Meeting-MoM-13th-April-2021.pdf]
[unggim-psn.org/pdf/mom/Board-Meeting-MoM-7th-May-2019.pdf]
[unggim-psn.org/pdf/mom/Board-Meeting-MoM-31-July-2018.pdf]
[unggim-psn.org/pdf/mom/Board-meeting-MoM-16th-Jan-2018.pdf]
[unggim-psn.org/pdf/mom/Board-Meeting-MoM-2-Aug-2017.pdf]
[unggim-psn.org/MOM.html]
[unggim-psn.org/pdf/documents/Geospatial_Industry_Advancing_the_SDGs.pdf]
[unggim-psn.org/pdf/documents/UN-GGIM-PSN-7th-session.pdf]
[unggim-psn.org/pdf/documents/UN-GGIM-PSN-8th-session.pdf]
[unggim-psn.org/pdf/documents/UN-GGIM-PSN-10th-session.pdf]
[unggim-psn.org/pdf/documents/UN-GGIM-PSN-11th-session.pdf]
[unggim-psn.org/pdf/documents/UN-GGIM-PSN-12th-session.pdf]
[unggim-psn.org/pdf/documents/UN-GGIM-PSN -Terms-of-Reference.pdf]
[unggim-psn.org/reports.html]
[unggim-psn.org/submit-eoi0c1f.html]
[unggim-psn.org/js/owl.carousel.min.html]
[unggim-psn.org/images/ct_bg.html]
[unggim-psn.org/css/jquery.popup.css]
[unggim-psn.org/documents.html]
